{
    "resource": "tccpvpcpcx"
}
{
    "resource": "tccpvpcpcx"
}
{
    "resource": "tenantclients"
}
{
    "resource": "tenantclients"
}
{ "resource": "tenantclients" }
{ "resource": "tenantclients" }
{
    "resource": "tenantclients"
}
{ "resource": "tenantclients" }
{ "resource": "tenantclients" }
{
    "resource": "tenantclients"
}
{ "resource": "tenantclients" }
{ "resource": "tenantclients" }
{ "resource": "tenantclients" }
{ "resource": "tenantclients" }
{
    "resource": "tenantclients"
}
{ "resource": "tenantclients" }
{ "resource": "tenantclients" }
{
    "resource": "tenantclients"
}
{ "resource": "tenantclients" }
{ "resource": "tenantclients" }
