19:26:25    finding ec2 instances in `Terminating:Wait` state
19:26:25    did not find ec2 instances in `Terminating:Wait` state
19:26:25    keeping finalizers
19:26:25    canceling resource
19:26:25    finding drained drainer configs for tenant cluster
19:26:25    did not find drained drainer configs for tenant cluster
19:26:25    canceling resource

19:31:25    finding ec2 instances in `Terminating:Wait` state
19:31:25    did not find ec2 instances in `Terminating:Wait` state
19:31:25    keeping finalizers
19:31:25    canceling resource
19:31:25    finding drained drainer configs for tenant cluster
19:31:25    did not find drained drainer configs for tenant cluster
19:31:25    canceling resource
