{
    "caller": "github.com/giantswarm/cluster-operator/vendor/github.com/giantswarm/exporterkit/collector/set.go:92",
    "level": "error",
    "message": "failed collecting metrics",
    "stack": "[{/go/src/github.com/giantswarm/cluster-operator/vendor/github.com/giantswarm/exporterkit/collector/set.go:92: } {/go/src/github.com/giantswarm/cluster-operator/vendor/github.com/giantswarm/exporterkit/collector/set.go:83: } {/go/src/github.com/giantswarm/cluster-operator/service/collector/cluster.go:77: } {awsclusters.infrastructure.giantswarm.io \"k55y7\" not found}]",
    "time": "2020-03-31T09:08:41.668192+00:00"
}
