{
    "resource": "tccpvpcpcx",
    "annotation": "testError",
    "stack": [
        { "file": "--REPLACED--/create.go", "line": 89 },
        { "file": "--REPLACED--/create.go", "line": 90 },
        { "file": "--REPLACED--/create.go", "line": 91 }
    ]
}
{
    "resource": "tccpvpcpcx",
    "annotation": "expected one vpc, got 2, execution failed error",
    "stack": [
        { "file": "--REPLACED--/create.go", "line": 52 },
        { "file": "--REPLACED--/create.go", "line": 67 }
    ]
}
{
    "resource": "tenantclients",
    "annotation": "Get https://api.j7ksp.k8s.p5x.telekom.de/api?timeout=10s: x509, certificate is valid for ingress.local, not api.j7ksp.k8s.p5x.telekom.de",
    "stack": [
        { "file": "/go/src/github.com/giantswarm/cluster-operator/vendor/github.com/giantswarm/operatorkit/resource/wrapper/retryresource/basic_resource.go", "line": 76 },
        { "file": "/go/src/github.com/giantswarm/cluster-operator/service/controller/resource/tenantclients/delete.go", "line": 12 },
        { "file": "/go/src/github.com/giantswarm/cluster-operator/service/controller/resource/tenantclients/resource.go", "line": 95 },
        { "file": "/go/src/github.com/giantswarm/cluster-operator/vendor/github.com/giantswarm/k8sclient/clients.go", "line": 117 }
    ]
}
{
    "resource": "tenantclients",
    "annotation": "Get https://api.pnwd0.k8s.eu-central-1.aws.cps.vodafone.com/api?timeout=10s, context deadline exceeded",
    "stack": [
        { "file": "/go/src/github.com/giantswarm/cluster-operator/vendor/github.com/giantswarm/operatorkit/resource/wrapper/retryresource/basic_resource.go", "line": 52 },
        { "file": "/go/src/github.com/giantswarm/cluster-operator/service/controller/resource/tenantclients/create.go", "line": 59 },
        { "file": "/go/src/github.com/giantswarm/cluster-operator/vendor/github.com/giantswarm/k8sclient/clients.go", "line": 117 }
    ]
}
{
    "resource": "tenantclients",
    "annotation": "Get https://api.j7ksp.k8s.p5x.telekom.de/api?timeout=10s: x509, certificate is valid for ingress.local, not api.j7ksp.k8s.p5x.telekom.de",
    "stack": [
        { "file": "/go/src/github.com/giantswarm/cluster-operator/vendor/github.com/giantswarm/operatorkit/resource/wrapper/retryresource/basic_resource.go", "line": 76 },
        { "file": "/go/src/github.com/giantswarm/cluster-operator/service/controller/resource/tenantclients/delete.go", "line": 12 },
        { "file": "/go/src/github.com/giantswarm/cluster-operator/service/controller/resource/tenantclients/resource.go", "line": 95 },
        { "file": "/go/src/github.com/giantswarm/cluster-operator/vendor/github.com/giantswarm/k8sclient/clients.go", "line": 117 }
    ]
}
{
    "resource": "tenantclients",
    "annotation": "Get https://api.j7ksp.k8s.p5x.telekom.de/api?timeout=10s: x509, certificate is valid for ingress.local, not api.j7ksp.k8s.p5x.telekom.de",
    "stack": [
        { "file": "/go/src/github.com/giantswarm/cluster-operator/vendor/github.com/giantswarm/operatorkit/resource/wrapper/retryresource/basic_resource.go", "line": 76 },
        { "file": "/go/src/github.com/giantswarm/cluster-operator/service/controller/resource/tenantclients/delete.go", "line": 12 },
        { "file": "/go/src/github.com/giantswarm/cluster-operator/service/controller/resource/tenantclients/resource.go", "line": 95 },
        { "file": "/go/src/github.com/giantswarm/cluster-operator/vendor/github.com/giantswarm/k8sclient/clients.go", "line": 117 }
    ]
}
{
    "resource": "tenantclients",
    "annotation": "Get https://api.j7ksp.k8s.p5x.telekom.de/api?timeout=10s: x509, certificate is valid for ingress.local, not api.j7ksp.k8s.p5x.telekom.de",
    "stack": [
        { "file": "/go/src/github.com/giantswarm/cluster-operator/vendor/github.com/giantswarm/operatorkit/resource/wrapper/retryresource/basic_resource.go", "line": 76 },
        { "file": "/go/src/github.com/giantswarm/cluster-operator/service/controller/resource/tenantclients/delete.go", "line": 12 },
        { "file": "/go/src/github.com/giantswarm/cluster-operator/service/controller/resource/tenantclients/resource.go", "line": 95 },
        { "file": "/go/src/github.com/giantswarm/cluster-operator/vendor/github.com/giantswarm/k8sclient/clients.go", "line": 117 }
    ]
}
{
    "resource": "tenantclients",
    "annotation": "Get https://api.j7ksp.k8s.p5x.telekom.de/api?timeout=10s: x509, certificate is valid for ingress.local, not api.j7ksp.k8s.p5x.telekom.de",
    "stack": [
        { "file": "/go/src/github.com/giantswarm/cluster-operator/vendor/github.com/giantswarm/operatorkit/resource/wrapper/retryresource/basic_resource.go", "line": 76 },
        { "file": "/go/src/github.com/giantswarm/cluster-operator/service/controller/resource/tenantclients/delete.go", "line": 12 },
        { "file": "/go/src/github.com/giantswarm/cluster-operator/service/controller/resource/tenantclients/resource.go", "line": 95 },
        { "file": "/go/src/github.com/giantswarm/cluster-operator/vendor/github.com/giantswarm/k8sclient/clients.go", "line": 117 }
    ]
}
