{
    "resource": "tccpvpcpcx",
    "annotation": "testError",
    "stack": [
        { "file": "--REPLACED--/create.go", "line": 89 },
        { "file": "--REPLACED--/create.go", "line": 90 },
        { "file": "--REPLACED--/create.go", "line": 91 }
    ]
}
{
    "resource": "tccpvpcpcx",
    "annotation": "expected one vpc, got 2, execution failed error",
    "stack": [
        { "file": "--REPLACED--/create.go", "line": 52 },
        { "file": "--REPLACED--/create.go", "line": 67 }
    ]
}
