{
    "message": "retrying due to error",
    "resource": "tccpvpcpcx"
}
{
    "message": "retrying due to error",
    "resource": "tccpvpcpcx"
}
{
    "message": "retrying due to error",
    "resource": "tenantclients"
}
{
    "message": "retrying due to error",
    "resource": "tenantclients"
}
{
    "message": "looking for certificates for the tenant cluster",
    "resource": "tenantclients"
}
{
    "message": "found certificates for the tenant cluster",
    "resource": "tenantclients"
}
{
    "message": "retrying due to error",
    "resource": "tenantclients"
}
{
    "message": "looking for certificates for the tenant cluster",
    "resource": "tenantclients"
}
{
    "message": "found certificates for the tenant cluster",
    "resource": "tenantclients"
}
{
    "message": "retrying due to error",
    "resource": "tenantclients"
}
{
    "message": "looking for certificates for the tenant cluster",
    "resource": "tenantclients"
}
{
    "message": "found certificates for the tenant cluster",
    "resource": "tenantclients"
}
{
    "message": "looking for certificates for the tenant cluster",
    "resource": "tenantclients"
}
{
    "message": "found certificates for the tenant cluster",
    "resource": "tenantclients"
}
{
    "message": "retrying due to error",
    "resource": "tenantclients"
}
{
    "message": "looking for certificates for the tenant cluster",
    "resource": "tenantclients"
}
{
    "message": "found certificates for the tenant cluster",
    "resource": "tenantclients"
}
{
    "message": "retrying due to error",
    "resource": "tenantclients"
}
{
    "message": "looking for certificates for the tenant cluster",
    "resource": "tenantclients"
}
{
    "message": "found certificates for the tenant cluster",
    "resource": "tenantclients"
}
