{
    "resource": "tccpvpcpcx",
    "annotation": "testError"
}
{
    "resource": "tccpvpcpcx"
    "annotation": "testError"
}
{
    "resource": "tenantclients"
    "annotation": "testError"
}
{
    "resource": "tenantclients"
    "annotation": "testError"
}
{
    "resource": "tenantclients"
    "annotation": "testError"
}
{
    "resource": "tenantclients"
    "annotation": "testError"
}
{
    "resource": "tenantclients"
    "annotation": "testError"
}
{
    "resource": "tenantclients"
    "annotation": "testError"
}
